// Jest Snapshot v1, https://goo.gl/fbAQLP

exports[`CounterApp component Should match snapshot 1`] = `
<div>
  <h1>
    CounterApp
  </h1>
  <h2
    role="counter"
  >
    0
  </h2>
  <button
    data-testid="increase-button"
  >
    +1
  </button>
  <button>
    -1
  </button>
  <button>
    Reset
  </button>
</div>
`;
